[    0.000000] Linux version 4.15.0-211-generic (buildd@lcy02-amd64-047) (gcc version 7.5.0 (Ubuntu 7.5.0-3ubuntu1~18.04)) #222-Ubuntu SMP Tue Apr 18 18:55:06 UTC 2023 (Ubuntu 4.15.0-211.222-generic 4.15.18)
[    0.000000] Command line: BOOT_IMAGE=/boot/vmlinuz-4.15.0-211-generic root=LABEL=cloudimg-rootfs ro console=tty1 console=ttyS0
[    0.000000] KERNEL supported cpus:
[    0.000000]   Intel GenuineIntel
[    0.000000]   AMD AuthenticAMD
[    0.000000]   Centaur CentaurHauls
[    0.000000] x86/fpu: Supporting XSAVE feature 0x001: 'x87 floating point registers'
[    0.000000] x86/fpu: Supporting XSAVE feature 0x002: 'SSE registers'
[    0.000000] x86/fpu: Supporting XSAVE feature 0x004: 'AVX registers'
[    0.000000] x86/fpu: xstate_offset[2]:  576, xstate_sizes[2]:  256
[    0.000000] x86/fpu: Enabled xstate features 0x7, context size is 832 bytes, using 'standard' format.
[    0.000000] e820: BIOS-provided physical RAM map:
[    0.000000] BIOS-e820: [mem 0x0000000000000000-0x000000000009fbff] usable
[    0.000000] BIOS-e820: [mem 0x000000000009fc00-0x000000000009ffff] reserved
[    0.000000] BIOS-e820: [mem 0x00000000000f0000-0x00000000000fffff] reserved
[    0.000000] BIOS-e820: [mem 0x0000000000100000-0x000000007ffeffff] usable
[    0.000000] BIOS-e820: [mem 0x000000007fff0000-0x000000007fffffff] ACPI data
[    0.000000] BIOS-e820: [mem 0x00000000fec00000-0x00000000fec00fff] reserved
[    0.000000] BIOS-e820: [mem 0x00000000fee00000-0x00000000fee00fff] reserved
[    0.000000] BIOS-e820: [mem 0x00000000fffc0000-0x00000000ffffffff] reserved
[    0.000000] NX (Execute Disable) protection: active
[    0.000000] SMBIOS 2.5 present.
[    0.000000] DMI: innotek GmbH VirtualBox/VirtualBox, BIOS VirtualBox 12/01/2006
[    0.000000] Hypervisor detected: KVM
[    0.000000] e820: last_pfn = 0x7fff0 max_arch_pfn = 0x400000000
[    0.000000] MTRR: Disabled
[    0.000000] x86/PAT: MTRRs disabled, skipping PAT initialization too.
[    0.000000] CPU MTRRs all blank - virtualized system.
[    0.000000] x86/PAT: Configuration [0-7]: WB  WT  UC- UC  WB  WT  UC- UC  
[    0.000000] found SMP MP-table at [mem 0x0009fff0-0x0009ffff]
[    0.000000] Scanning 1 areas for low memory corruption
[    0.000000] RAMDISK: [mem 0x359c7000-0x36cdafff]
[    0.000000] ACPI: Early table checksum verification disabled
[    0.000000] ACPI: RSDP 0x00000000000E0000 000024 (v02 VBOX  )
[    0.000000] ACPI: XSDT 0x000000007FFF0030 00003C (v01 VBOX   VBOXXSDT 00000001 ASL  00000061)
[    0.000000] ACPI: FACP 0x000000007FFF00F0 0000F4 (v04 VBOX   VBOXFACP 00000001 ASL  00000061)
[    0.000000] ACPI: DSDT 0x000000007FFF0610 002353 (v02 VBOX   VBOXBIOS 00000002 INTL 20210930)
[    0.000000] ACPI: FACS 0x000000007FFF0200 000040
[    0.000000] ACPI: FACS 0x000000007FFF0200 000040
[    0.000000] ACPI: APIC 0x000000007FFF0240 000054 (v02 VBOX   VBOXAPIC 00000001 ASL  00000061)
[    0.000000] ACPI: SSDT 0x000000007FFF02A0 00036C (v01 VBOX   VBOXCPUT 00000002 INTL 20210930)
[    0.000000] ACPI: Reserving FACP table memory at [mem 0x7fff00f0-0x7fff01e3]
[    0.000000] ACPI: Reserving DSDT table memory at [mem 0x7fff0610-0x7fff2962]
[    0.000000] ACPI: Reserving FACS table memory at [mem 0x7fff0200-0x7fff023f]
[    0.000000] ACPI: Reserving FACS table memory at [mem 0x7fff0200-0x7fff023f]
[    0.000000] ACPI: Reserving APIC table memory at [mem 0x7fff0240-0x7fff0293]
[    0.000000] ACPI: Reserving SSDT table memory at [mem 0x7fff02a0-0x7fff060b]
[    0.000000] No NUMA configuration found
[    0.000000] Faking a node at [mem 0x0000000000000000-0x000000007ffeffff]
[    0.000000] NODE_DATA(0) allocated [mem 0x7ffc5000-0x7ffeffff]
[    0.000000] kvm-clock: cpu 0, msr 0:7ff44001, primary cpu clock
[    0.000000] kvm-clock: Using msrs 4b564d01 and 4b564d00
[    0.000000] kvm-clock: using sched offset of 6176469123 cycles
[    0.000000] clocksource: kvm-clock: mask: 0xffffffffffffffff max_cycles: 0x1cd42e4dffb, max_idle_ns: 881590591483 ns
[    0.000000] Zone ranges:
[    0.000000]   DMA      [mem 0x0000000000001000-0x0000000000ffffff]
[    0.000000]   DMA32    [mem 0x0000000001000000-0x000000007ffeffff]
[    0.000000]   Normal   empty
[    0.000000]   Device   empty
[    0.000000] Movable zone start for each node
[    0.000000] Early memory node ranges
[    0.000000]   node   0: [mem 0x0000000000001000-0x000000000009efff]
[    0.000000]   node   0: [mem 0x0000000000100000-0x000000007ffeffff]
[    0.000000] Reserved but unavailable: 104 pages
[    0.000000] Initmem setup node 0 [mem 0x0000000000001000-0x000000007ffeffff]
[    0.000000] ACPI: PM-Timer IO Port: 0x4008
[    0.000000] IOAPIC[0]: apic_id 1, version 32, address 0xfec00000, GSI 0-23
[    0.000000] ACPI: INT_SRC_OVR (bus 0 bus_irq 0 global_irq 2 dfl dfl)
[    0.000000] ACPI: INT_SRC_OVR (bus 0 bus_irq 9 global_irq 9 low level)
[    0.000000] Using ACPI (MADT) for SMP configuration information
[    0.000000] smpboot: Allowing 1 CPUs, 0 hotplug CPUs
[    0.000000] PM: Registered nosave memory: [mem 0x00000000-0x00000fff]
[    0.000000] PM: Registered nosave memory: [mem 0x0009f000-0x0009ffff]
[    0.000000] PM: Registered nosave memory: [mem 0x000a0000-0x000effff]
[    0.000000] PM: Registered nosave memory: [mem 0x000f0000-0x000fffff]
[    0.000000] e820: [mem 0x80000000-0xfebfffff] available for PCI devices
[    0.000000] Booting paravirtualized kernel on KVM
[    0.000000] clocksource: refined-jiffies: mask: 0xffffffff max_cycles: 0xffffffff, max_idle_ns: 7645519600211568 ns
[    0.000000] setup_percpu: NR_CPUS:8192 nr_cpumask_bits:1 nr_cpu_ids:1 nr_node_ids:1
[    0.000000] percpu: Embedded 50 pages/cpu s167936 r8192 d28672 u2097152
[    0.000000] PV qspinlock hash table entries: 256 (order: 0, 4096 bytes)
[    0.000000] Built 1 zonelists, mobility grouping on.  Total pages: 515961
[    0.000000] Policy zone: DMA32
[    0.000000] Kernel command line: BOOT_IMAGE=/boot/vmlinuz-4.15.0-211-generic root=LABEL=cloudimg-rootfs ro console=tty1 console=ttyS0
[    0.000000] Memory: 2015028K/2096696K available (12300K kernel code, 2477K rwdata, 4324K rodata, 2480K init, 2720K bss, 81668K reserved, 0K cma-reserved)
[    0.000000] SLUB: HWalign=64, Order=0-3, MinObjects=0, CPUs=1, Nodes=1
[    0.000000] Kernel/User page tables isolation: enabled
[    0.000000] ftrace: allocating 39508 entries in 155 pages
[    0.004000] Hierarchical RCU implementation.
[    0.004000] 	RCU restricting CPUs from NR_CPUS=8192 to nr_cpu_ids=1.
[    0.004000] 	Tasks RCU enabled.
[    0.004000] RCU: Adjusting geometry for rcu_fanout_leaf=16, nr_cpu_ids=1
[    0.004000] NR_IRQS: 524544, nr_irqs: 256, preallocated irqs: 16
[    0.004000] random: crng init done
[    0.004000] Console: colour VGA+ 80x25
[    0.004000] console [tty1] enabled
[    0.004000] console [ttyS0] enabled
[    0.004000] ACPI: Core revision 20170831
[    0.004000] ACPI: 2 ACPI AML tables successfully acquired and loaded
[    0.004000] APIC: Switch to symmetric I/O mode setup
[    0.004000] x2apic enabled
[    0.004021] Switched APIC routing to physical x2apic.
[    0.008000] ..TIMER: vector=0x30 apic1=0 pin1=2 apic2=-1 pin2=-1
[    0.008013] tsc: Detected 2593.566 MHz processor
[    0.012020] Calibrating delay loop (skipped) preset value.. 5187.13 BogoMIPS (lpj=10374264)
[    0.016000] pid_max: default: 32768 minimum: 301
[    0.016048] Security Framework initialized
[    0.018961] Yama: becoming mindful.
[    0.020000] AppArmor: AppArmor initialized
[    0.024000] Dentry cache hash table entries: 262144 (order: 9, 2097152 bytes)
[    0.026081] Inode-cache hash table entries: 131072 (order: 8, 1048576 bytes)
[    0.028093] Mount-cache hash table entries: 4096 (order: 3, 32768 bytes)
[    0.032000] Mountpoint-cache hash table entries: 4096 (order: 3, 32768 bytes)
[    0.033623] process: using mwait in idle threads
[    0.036000] Last level iTLB entries: 4KB 64, 2MB 8, 4MB 8
[    0.036013] Last level dTLB entries: 4KB 64, 2MB 0, 4MB 0, 1GB 4
[    0.040000] Spectre V1 : Mitigation: usercopy/swapgs barriers and __user pointer sanitization
[    0.040007] Spectre V2 : Mitigation: Retpolines
[    0.043434] Spectre V2 : Spectre v2 / SpectreRSB mitigation: Filling RSB on context switch
[    0.044003] Spectre V2 : Spectre v2 / SpectreRSB : Filling RSB on VMEXIT
[    0.048000] RETBleed: WARNING: Spectre v2 mitigation leaves CPU vulnerable to RETBleed attacks, data leaks possible!
[    0.048006] RETBleed: Vulnerable
[    0.050367] Speculative Store Bypass: Vulnerable
[    0.052000] MDS: Mitigation: Clear CPU buffers
[    0.052005] MMIO Stale Data: Mitigation: Clear CPU buffers
[    0.055751] SRBDS: Unknown: Dependent on hypervisor status
[    0.064000] Freeing SMP alternatives memory: 36K
[    0.180008] APIC calibration not consistent with PM-Timer: 185ms instead of 100ms
[    0.184000] APIC delta adjusted to PM-Timer: 6338608 (11750670)
[    0.184313] smpboot: CPU0: Intel(R) Core(TM) i7-6700HQ CPU @ 2.60GHz (family: 0x6, model: 0x5e, stepping: 0x3)
[    0.188263] Performance Events: unsupported p6 CPU model 94 no PMU driver, software events only.
[    0.192000] Hierarchical SRCU implementation.
[    0.192719] NMI watchdog: Perf event create on CPU 0 failed with -2
[    0.196000] NMI watchdog: Perf NMI watchdog permanently disabled
[    0.196172] smp: Bringing up secondary CPUs ...
[    0.199923] smp: Brought up 1 node, 1 CPU
[    0.200000] smpboot: Max logical packages: 1
[    0.200007] smpboot: Total of 1 processors activated (5187.13 BogoMIPS)
[    0.204000] devtmpfs: initialized
[    0.204079] x86/mm: Memory block size: 128MB
[    0.207695] evm: security.selinux
[    0.208000] evm: security.SMACK64
[    0.208000] evm: security.SMACK64EXEC
[    0.208009] evm: security.SMACK64TRANSMUTE
[    0.211099] evm: security.SMACK64MMAP
[    0.212000] evm: security.apparmor
[    0.212007] evm: security.ima
[    0.214395] evm: security.capability
[    0.216000] clocksource: jiffies: mask: 0xffffffff max_cycles: 0xffffffff, max_idle_ns: 7645041785100000 ns
[    0.216037] futex hash table entries: 256 (order: 2, 16384 bytes)
[    0.220000] pinctrl core: initialized pinctrl subsystem
[    0.224240] RTC time: 12:00:19, date: 07/17/23
[    0.227905] NET: Registered protocol family 16
[    0.228133] audit: initializing netlink subsys (disabled)
[    0.232000] cpuidle: using governor ladder
[    0.232000] cpuidle: using governor menu
[    0.232097] ACPI: bus type PCI registered
[    0.235598] acpiphp: ACPI Hot Plug PCI Controller Driver version: 0.5
[    0.236016] audit: type=2000 audit(1689595226.517:1): state=initialized audit_enabled=0 res=1
[    0.240000] PCI: Using configuration type 1 for base access
[    0.240000] HugeTLB registered 2.00 MiB page size, pre-allocated 0 pages
[    0.240452] ACPI: Added _OSI(Module Device)
[    0.244000] ACPI: Added _OSI(Processor Device)
[    0.244000] ACPI: Added _OSI(3.0 _SCP Extensions)
[    0.244011] ACPI: Added _OSI(Processor Aggregator Device)
[    0.248000] ACPI: Added _OSI(Linux-Dell-Video)
[    0.248020] ACPI: Added _OSI(Linux-Lenovo-NV-HDMI-Audio)
[    0.252000] ACPI: Added _OSI(Linux-HPI-Hybrid-Graphics)
[    0.252020] ACPI: Executed 1 blocks of module-level executable AML code
[    0.256000] ACPI: Interpreter enabled
[    0.256027] ACPI: (supports S0 S5)
[    0.258727] ACPI: Using IOAPIC for interrupt routing
[    0.260237] PCI: Using host bridge windows from ACPI; if necessary, use "pci=nocrs" and report a bug
[    0.264000] ACPI: Enabled 2 GPEs in block 00 to 07
[    0.270572] ACPI: PCI Root Bridge [PCI0] (domain 0000 [bus 00-ff])
[    0.272000] acpi PNP0A03:00: _OSC: OS supports [ASPM ClockPM Segments MSI]
[    0.272909] acpi PNP0A03:00: _OSC: not requesting OS control; OS requires [ExtendedConfig ASPM ClockPM MSI]
[    0.276037] acpi PNP0A03:00: fail to add MMCONFIG information, can't access extended PCI configuration space under this bridge.
[    0.280012] PCI host bridge to bus 0000:00
[    0.283203] pci_bus 0000:00: root bus resource [io  0x0000-0x0cf7 window]
[    0.284000] pci_bus 0000:00: root bus resource [io  0x0d00-0xffff window]
[    0.284010] pci_bus 0000:00: root bus resource [mem 0x000a0000-0x000bffff window]
[    0.288000] pci_bus 0000:00: root bus resource [mem 0x80000000-0xfdffffff window]
[    0.288009] pci_bus 0000:00: root bus resource [bus 00-ff]
[    0.296000] pci 0000:00:01.1: legacy IDE quirk: reg 0x10: [io  0x01f0-0x01f7]
[    0.296010] pci 0000:00:01.1: legacy IDE quirk: reg 0x14: [io  0x03f6]
[    0.300000] pci 0000:00:01.1: legacy IDE quirk: reg 0x18: [io  0x0170-0x0177]
[    0.300009] pci 0000:00:01.1: legacy IDE quirk: reg 0x1c: [io  0x0376]
[    0.326591] pci 0000:00:07.0: quirk: [io  0x4000-0x403f] claimed by PIIX4 ACPI
[    0.328050] pci 0000:00:07.0: quirk: [io  0x4100-0x410f] claimed by PIIX4 SMB
[    0.344000] ACPI: PCI Interrupt Link [LNKA] (IRQs 5 9 10 *11)
[    0.344655] ACPI: PCI Interrupt Link [LNKB] (IRQs 5 9 *10 11)
[    0.348000] ACPI: PCI Interrupt Link [LNKC] (IRQs 5 *9 10 11)
[    0.348269] ACPI: PCI Interrupt Link [LNKD] (IRQs 5 9 10 *11)
[    0.352000] SCSI subsystem initialized
[    0.352188] pci 0000:00:02.0: vgaarb: setting as boot VGA device
[    0.356000] pci 0000:00:02.0: vgaarb: VGA device added: decodes=io+mem,owns=io+mem,locks=none
[    0.356010] pci 0000:00:02.0: vgaarb: bridge control possible
[    0.360000] vgaarb: loaded
[    0.360000] ACPI: bus type USB registered
[    0.360054] usbcore: registered new interface driver usbfs
[    0.364000] usbcore: registered new interface driver hub
[    0.364030] usbcore: registered new device driver usb
[    0.368000] EDAC MC: Ver: 3.0.0
[    0.369355] PCI: Using ACPI for IRQ routing
[    0.372000] NetLabel: Initializing
[    0.372008] NetLabel:  domain hash size = 128
[    0.375574] NetLabel:  protocols = UNLABELED CIPSOv4 CALIPSO
[    0.376000] NetLabel:  unlabeled traffic allowed by default
[    0.376195] clocksource: Switched to clocksource kvm-clock
[    0.405606] VFS: Disk quotas dquot_6.6.0
[    0.407099] VFS: Dquot-cache hash table entries: 512 (order 0, 4096 bytes)
[    0.415515] AppArmor: AppArmor Filesystem Enabled
[    0.419236] pnp: PnP ACPI init
[    0.424065] pnp: PnP ACPI: found 3 devices
[    0.435869] clocksource: acpi_pm: mask: 0xffffff max_cycles: 0xffffff, max_idle_ns: 2085701024 ns
[    0.436121] NET: Registered protocol family 2
[    0.447649] IP idents hash table entries: 32768 (order: 6, 262144 bytes)
[    0.453761] TCP established hash table entries: 16384 (order: 5, 131072 bytes)
[    0.457500] TCP bind hash table entries: 16384 (order: 6, 262144 bytes)
[    0.465713] TCP: Hash tables configured (established 16384 bind 16384)
[    0.469185] UDP hash table entries: 1024 (order: 3, 32768 bytes)
[    0.477289] UDP-Lite hash table entries: 1024 (order: 3, 32768 bytes)
[    0.483306] NET: Registered protocol family 1
[    0.487123] pci 0000:00:00.0: Limiting direct PCI/PCI transfers
[    0.487123] pci 0000:00:01.0: Activating ISA DMA hang workarounds
[    0.497546] pci 0000:00:02.0: Video device with shadowed ROM at [mem 0x000c0000-0x000dffff]
[    0.504791] Unpacking initramfs...
[    0.956301] Freeing initrd memory: 19536K
[    0.962966] clocksource: tsc: mask: 0xffffffffffffffff max_cycles: 0x25627e18e60, max_idle_ns: 440795220060 ns
[    0.974278] platform rtc_cmos: registered platform RTC device (no PNP device found)
[    0.982900] Scanning for low memory corruption every 60 seconds
[    0.986780] Initialise system trusted keyrings
[    0.993559] Key type blacklist registered
[    0.997491] workingset: timestamp_bits=36 max_order=19 bucket_order=0
[    1.005915] zbud: loaded
[    1.007498] squashfs: version 4.0 (2009/01/31) Phillip Lougher
[    1.016039] fuse init (API version 7.26)
[    1.019624] Key type asymmetric registered
[    1.026395] Asymmetric key parser 'x509' registered
[    1.030109] Block layer SCSI generic (bsg) driver version 0.4 loaded (major 246)
[    1.037461] io scheduler noop registered
[    1.041373] io scheduler deadline registered
[    1.047090] io scheduler cfq registered (default)
[    1.050932] ACPI: AC Adapter [AC] (on-line)
[    1.056852] input: Power Button as /devices/LNXSYSTM:00/LNXPWRBN:00/input/input0
[    1.064354] ACPI: Power Button [PWRF]
[    1.067403] input: Sleep Button as /devices/LNXSYSTM:00/LNXSLPBN:00/input/input1
[    1.074683] ACPI: Sleep Button [SLPF]
[    1.078618] ACPI: Battery Slot [BAT0] (battery present)
[    1.085950] Serial: 8250/16550 driver, 32 ports, IRQ sharing enabled
[    1.124182] 00:02: ttyS0 at I/O 0x3f8 (irq = 4, base_baud = 115200) is a 16550A
[    1.132862] Linux agpgart interface v0.103
[    1.136447] loop: module loaded
[    1.146019] scsi host0: ata_piix
[    1.148123] scsi host1: ata_piix
[    1.148123] ata1: PATA max UDMA/33 cmd 0x1f0 ctl 0x3f6 bmdma 0xd000 irq 14
[    1.157910] ata2: PATA max UDMA/33 cmd 0x170 ctl 0x376 bmdma 0xd008 irq 15
[    1.165908] tun: Universal TUN/TAP device driver, 1.6
[    1.167763] PPP generic driver version 2.4.2
[    1.173854] ehci_hcd: USB 2.0 'Enhanced' Host Controller (EHCI) Driver
[    1.177750] ehci-pci: EHCI PCI platform driver
[    1.183577] ehci-platform: EHCI generic platform driver
[    1.187500] ohci_hcd: USB 1.1 'Open' Host Controller (OHCI) Driver
[    1.193563] ohci-pci: OHCI PCI platform driver
[    1.196973] ohci-platform: OHCI generic platform driver
[    1.197516] uhci_hcd: USB Universal Host Controller Interface driver
[    1.205734] i8042: PNP: PS/2 Controller [PNP0303:PS2K,PNP0f03:PS2M] at 0x60,0x64 irq 1,12
[    1.214718] serio: i8042 KBD port at 0x60,0x64 irq 1
[    1.216317] serio: i8042 AUX port at 0x60,0x64 irq 12
[    1.222778] mousedev: PS/2 mouse device common for all mice
[    1.228127] input: AT Translated Set 2 keyboard as /devices/platform/i8042/serio0/input/input2
[    1.236238] rtc_cmos rtc_cmos: rtc core: registered rtc_cmos as rtc0
[    1.241833] rtc_cmos rtc_cmos: alarms up to one day, 114 bytes nvram
[    1.246450] i2c /dev entries driver
[    1.249446] device-mapper: uevent: version 1.0.3
[    1.252994] device-mapper: ioctl: 4.37.0-ioctl (2017-09-20) initialised: dm-devel@redhat.com
[    1.256889] ledtrig-cpu: registered to indicate activity on CPUs
[    1.264552] intel_pmc_core:  initialized
[    1.267806] NET: Registered protocol family 10
[    1.276874] Segment Routing with IPv6
[    1.276874] NET: Registered protocol family 17
[    1.284921] Key type dns_resolver registered
[    1.288657] mce: Using 0 MCE banks
[    1.288809] RAS: Correctable Errors collector initialized.
[    1.296488] sched_clock: Marking stable (1296385803, 0)->(2233089599, -936703796)
[    1.302115] registered taskstats version 1
[    1.305866] Loading compiled-in X.509 certificates
[    1.312708] Loaded X.509 cert 'Build time autogenerated kernel key: 6893c09f03d31bc6e9f3dd5a3a18faae0d596a39'
[    1.320340] Loaded X.509 cert 'Canonical Ltd. Live Patch Signing: 14df34d1a87cf37625abec039ef2bf521249b969'
[    1.386603] Loaded X.509 cert 'Canonical Ltd. Kernel Module Signing: 88f752e560a1e0737e31163a466ad7b70a850c19'
[    1.394230] blacklist: Loading compiled-in revocation X.509 certificates
[    1.398891] Loaded X.509 cert 'Canonical Ltd. Secure Boot Signing: 61482aa2830d0ab2ad5af10b7250da9033ddcef0'
[    1.405783] Loaded X.509 cert 'Canonical Ltd. Secure Boot Signing (2017): 242ade75ac4a15e50d50c84b0d45ff3eae707a03'
[    1.413169] Loaded X.509 cert 'Canonical Ltd. Secure Boot Signing (ESM 2018): 365188c1d374d6b07c3c8f240f8ef722433d6a8b'
[    1.420551] Loaded X.509 cert 'Canonical Ltd. Secure Boot Signing (2019): c0746fd6c5da3ae827864651ad66ae47fe24b3e8'
[    1.428469] Loaded X.509 cert 'Canonical Ltd. Secure Boot Signing (2021 v1): a8d54bbb3825cfb94fa13c9f8a594a195c107b8d'
[    1.435597] Loaded X.509 cert 'Canonical Ltd. Secure Boot Signing (2021 v2): 4cf046892d6fd3c9a5b03f98d845f90851dc6a8c'
[    1.442544] Loaded X.509 cert 'Canonical Ltd. Secure Boot Signing (2021 v3): 100437bb6de6e469b581e61cd66bce3ef4ed53af'
[    1.449556] Loaded X.509 cert 'Canonical Ltd. Secure Boot Signing (Ubuntu Core 2019): c1d57b8f6b743f23ee41f4f7ee292f06eecadfb9'
[    1.457069] zswap: loaded using pool lzo/zbud
[    1.463919] Key type big_key registered
[    1.466648] Key type trusted registered
[    1.471781] Key type encrypted registered
[    1.474921] AppArmor: AppArmor sha1 policy hashing enabled
[    1.478843] ima: No TPM chip found, activating TPM-bypass! (rc=-19)
[    1.483779] ima: Allocated hash algorithm: sha1
[    1.486976] evm: HMAC attrs: 0x1
[    1.490128]   Magic number: 15:516:26
[    1.493246] rtc_cmos rtc_cmos: setting system clock to 2023-07-17 12:00:20 UTC (1689595220)
[    1.498833] BIOS EDD facility v0.16 2004-Jun-25, 0 devices found
[    1.503240] EDD information not available.
[    1.509466] Freeing unused kernel image memory: 2480K
[    1.520049] Write protecting the kernel read-only data: 20480k
[    1.525549] Freeing unused kernel image memory: 2008K
[    1.529161] Freeing unused kernel image memory: 1820K
[    1.539329] x86/mm: Checked W+X mappings: passed, no W+X pages found.
[    1.543697] x86/mm: Checking user space page tables
[    1.554824] x86/mm: Checked W+X mappings: passed, no W+X pages found.
Loading, please wait...
starting version 237
[    1.685086] e1000: Intel(R) PRO/1000 Network Driver - version 7.3.21-k8-NAPI
[    1.690897] e1000: Copyright (c) 1999-2006 Intel Corporation.
[    1.699566] Fusion MPT base driver 3.04.20
[    1.703122] Copyright (c) 1999-2008 LSI Corporation
[    1.735990] Fusion MPT SPI Host driver 3.04.20
[    1.753915] AVX2 version of gcm_enc/dec engaged.
[    1.757716] AES CTR mode by8 optimization enabled
[    1.783124] mptbase: ioc0: Initiating bringup
[    1.897569] ioc0: LSI53C1030 A0: Capabilities={Initiator}
[    1.924953] input: ImExPS/2 Generic Explorer Mouse as /devices/platform/i8042/serio1/input/input4
[    2.152890] scsi host2: ioc0: LSI53C1030 A0, FwRev=00000000h, Ports=1, MaxQ=256, IRQ=20
[    2.320716] scsi 2:0:0:0: Direct-Access     VBOX     HARDDISK         1.0  PQ: 0 ANSI: 5
[    2.326238] scsi target2:0:0: Beginning Domain Validation
[    2.335247] scsi target2:0:0: Domain Validation skipping write tests
[    2.339491] scsi target2:0:0: Ending Domain Validation
[    2.343284] scsi target2:0:0: asynchronous
[    2.347732] scsi 2:0:1:0: Direct-Access     VBOX     HARDDISK         1.0  PQ: 0 ANSI: 5
[    2.353612] scsi target2:0:1: Beginning Domain Validation
[    2.360270] scsi target2:0:1: Domain Validation skipping write tests
[    2.364592] scsi target2:0:1: Ending Domain Validation
[    2.368642] scsi target2:0:1: asynchronous
[    2.505565] sd 2:0:0:0: [sda] 83886080 512-byte logical blocks: (42.9 GB/40.0 GiB)
[    2.511337] sd 2:0:0:0: Attached scsi generic sg0 type 0
[    2.528645] sd 2:0:1:0: [sdb] 20480 512-byte logical blocks: (10.5 MB/10.0 MiB)
[    2.533820] sd 2:0:1:0: Attached scsi generic sg1 type 0
[    2.537449] sd 2:0:0:0: [sda] Write Protect is off
[    2.541396] sd 2:0:0:0: [sda] Incomplete mode parameter data
[    2.545939] sd 2:0:0:0: [sda] Assuming drive cache: write through
[    2.551129] sd 2:0:1:0: [sdb] Write Protect is off
[    2.562211] sd 2:0:1:0: [sdb] Incomplete mode parameter data
[    2.566204] sd 2:0:1:0: [sdb] Assuming drive cache: write through
[    2.592229]  sda: sda1
[    2.595815] sd 2:0:1:0: [sdb] Attached SCSI disk
[    2.600268] sd 2:0:0:0: [sda] Attached SCSI disk
[    2.965171] e1000 0000:00:03.0 eth0: (PCI:33MHz:32-bit) 02:ce:cf:1b:c9:4b
[    2.970167] e1000 0000:00:03.0 eth0: Intel(R) PRO/1000 Network Connection
[    3.562886] e1000 0000:00:08.0 eth1: (PCI:33MHz:32-bit) 08:00:27:2e:09:8b
[    3.571454] e1000 0000:00:08.0 eth1: Intel(R) PRO/1000 Network Connection
[    3.581240] e1000 0000:00:08.0 enp0s8: renamed from eth1
[    3.605316] e1000 0000:00:03.0 enp0s3: renamed from eth0
Begin: Loading essential drivers ... [    6.139544] raid6: sse2x1   gen() 10150 MB/s
[    6.199481] raid6: sse2x1   xor()  7309 MB/s
[    6.259401] raid6: sse2x2   gen()  9790 MB/s
[    6.319635] raid6: sse2x2   xor()  6820 MB/s
[    6.379221] raid6: sse2x4   gen() 10089 MB/s
[    6.439046] raid6: sse2x4   xor()  6009 MB/s
[    6.499917] raid6: avx2x1   gen() 17805 MB/s
[    6.559003] raid6: avx2x1   xor() 11281 MB/s
[    6.619003] raid6: avx2x2   gen() 25103 MB/s
[    6.675006] raid6: avx2x2   xor() 14014 MB/s
[    6.739532] raid6: avx2x4   gen() 20683 MB/s
[    6.799163] raid6: avx2x4   xor() 12390 MB/s
[    6.804302] raid6: using algorithm avx2x2 gen() 25103 MB/s
[    6.809436] raid6: .... xor() 14014 MB/s, rmw enabled
[    6.813775] raid6: using avx2x2 recovery algorithm
[    6.820484] xor: automatically using best checksumming function   avx       
[    6.828563] async_tx: api initialized (async)
done.
Begin: Running /scripts/init-premount ... done.
Begin: Mounting root file system ... Begin: Running /scripts/local-top ... done.
Begin: Running /scripts/local-premount ... [    6.973989] Btrfs loaded, crc32c=crc32c-intel
Scanning for Btrfs filesystems
done.
Warning: fsck not present, so skipping root file system
[    7.045114] EXT4-fs (sda1): mounted filesystem with ordered data mode. Opts: (null)
done.
Begin: Running /scripts/local-bottom ... done.
Begin: Running /scripts/init-bottom ... done.
[    7.312576] ip_tables: (C) 2000-2006 Netfilter Core Team
[    7.333401] systemd[1]: systemd 237 running in system mode. (+PAM +AUDIT +SELINUX +IMA +APPARMOR +SMACK +SYSVINIT +UTMP +LIBCRYPTSETUP +GCRYPT +GNUTLS +ACL +XZ +LZ4 +SECCOMP +BLKID +ELFUTILS +KMOD -IDN2 +IDN -PCRE2 default-hierarchy=hybrid)
[    7.349559] systemd[1]: Detected virtualization oracle.
[    7.353437] systemd[1]: Detected architecture x86-64.

Welcome to [1mUbuntu 18.04.6 LTS[0m!

[    7.362633] systemd[1]: Set hostname to <ubuntu>.
[    7.371997] systemd[1]: Initializing machine ID from random generator.
[    7.376597] systemd[1]: Installed transient /etc/machine-id file.
[    7.788309] systemd[1]: Reached target Mounting snaps.
[[0;32m  OK  [0m] Reached target Mounting snaps.
[    7.798330] systemd[1]: Started Forward Password Requests to Wall Directory Watch.
[[0;32m  OK  [0m] Started Forward Password Requests to Wall Directory Watch.
[    7.811041] systemd[1]: Reached target System Time Synchronized.
[[0;32m  OK  [0m] Reached target System Time Synchronized.
[    7.821501] systemd[1]: Set up automount Arbitrary Executable File Formats File System Automount Point.
[[0;32m  OK  [0m] Set up automount Arbitrary Executabâ€¦rmats File System Automount Point.
[[0;32m  OK  [0m] Reached target Swap.
[[0;32m  OK  [0m] Reached target User and Group Name Lookups.
[[0;32m  OK  [0m] Created slice System Slice.
[[0;32m  OK  [0m] Listening on Syslog Socket.
[[0;32m  OK  [0m] Listening on Journal Socket (/dev/log).
[[0;32m  OK  [0m] Listening on LVM2 poll daemon socket.
[[0;32m  OK  [0m] Listening on fsck to fsckd communication Socket.
[[0;32m  OK  [0m] Listening on Network Service Netlink Socket.
[[0;32m  OK  [0m] Listening on Journal Socket.
         Mounting POSIX Message Queue File System...
         Mounting Huge Pages File System...
         Starting File System Check on Root Device...
         Starting Set the console keyboard layout...
         Mounting Kernel Debug File System...
         Starting Create list of required stâ€¦ce nodes for the current kernel...
[[0;32m  OK  [0m] Listening on Device-mapper event daemon FIFOs.
[[0;32m  OK  [0m] Listening on LVM2 metadata daemon socket.
         Starting Monitoring of LVM2 mirrorsâ€¦ng dmeventd or progress polling...
[[0;32m  OK  [0m] Listening on udev Kernel Socket.
[[0;32m  OK  [0m] Created slice system-serial\x2dgetty.slice.
[[0;32m  OK  [0m] Listening on Journal Audit Socket.
         Starting Journal Service...
[[0;32m  OK  [0m] Listening on /dev/initctl Compatibility Named Pipe.
[[0;32m  OK  [0m] Listening on udev Control Socket.
         Starting udev Coldplug all Devices...
         Starting Load Kernel Modules...
         Starting Uncomplicated firewall...
[[0;32m  OK  [0m] Reached target Mounted snaps.
[[0;32m  OK  [0m] Created slice User and Session Slice.
[[0;32m  OK  [0m] Reached target Slices.
[[0;32m  OK  [0m] Mounted POSIX Message Queue File System.
[[0;32m  OK  [0m] Mounted Huge Pages File System.
[[0;32m  OK  [0m] Started File System Check on Root Device.
[[0;32m  OK  [0m] Mounted Kernel Debug File System.
[[0;32m  OK  [0m] Started Create list of required staâ€¦vice nodes for the current kernel.
[[0;32m  OK  [0m] Started LVM2 metadata daemon.
[[0;32m  OK  [0m] [    8.212828] Loading iSCSI transport class v2.0-870.
Started File System Check Daemon to report status.
         Starting Create Static Device Nodes in /dev...
         Starting Remount Root and Kernel File Systems...
[[0;32m  OK  [0m] Started Uncomplicated firewall.
[[0;32m  OK  [0m] Started Journal Service.
[[0;32m  OK  [0m] Started Create Static Device Nodes in /dev.
[[0;32m  OK  [0m] Started Monitoring of LVM2 mirrors,â€¦sing dmeventd or progress polling.
[[0;32m  OK  [0m] Started udev Coldplug all Devices.
[    8.363506] iscsi: registered transport (tcp)
[    8.369152] EXT4-fs (sda1): re-mounted. Opts: (null)
[[0;32m  OK  [0m] Started Remount Root and Kernel File Systems.
         Starting Flush Journal to Persistent Storage...
         Starting udev Kernel Device Manager...
         Starting Load/Save Random Seed...
[    8.440000] systemd-journald[401]: Received request to flush runtime journal from PID 1
[[0;32m  OK  [0m] Started udev Kernel Device Manager.
[[0;32m  OK  [0m] Started Load/Save Random Seed.
[    8.591900] iscsi: registered transport (iser)
[[0;32m  OK  [0m] Started Load Kernel Modules.
         Mounting FUSE Control File System...
         Starting Apply Kernel Variables...
         Mounting Kernel Configuration File System...
[[0;32m  OK  [0m] Started Flush Journal to Persistent Storage.
[[0;32m  OK  [0m] Mounted FUSE Control File System.
[[0;32m  OK  [0m] Mounted Kernel Configuration File System.
[[0;32m  OK  [0m] Started Apply Kernel Variables.
[[0;32m  OK  [0m] Found device /dev/ttyS0.
[[0;32m  OK  [0m] Listening on Load/Save RF Kill Switch Status /dev/rfkill Watch.
         Mounting Arbitrary Executable File Formats File System...
[[0;32m  OK  [0m] Mounted Arbitrary Executable File Formats File System.
[[0;32m  OK  [0m] Started Set the console keyboard layout.
[[0;32m  OK  [0m] Reached target Local File Systems (Pre).
[[0;32m  OK  [0m] Reached target Local File Systems.
         Starting Commit a transient machine-id on disk...
         Starting Set console font and keymap...
         Starting Create Volatile Files and Directories...
         Starting AppArmor initialization...
         Starting ebtables ruleset management...
         Starting Tell Plymouth To Write Out Runtime Data...
[[0;32m  OK  [0m] Started Dispatch Password Requests to Console Directory Watch.
[[0;32m  OK  [0m] Reached target Local Encrypted Volumes.
[[0;32m  OK  [0m] Started Commit a transient machine-id on disk.
[[0;32m  OK  [0m] Started Tell Plymouth To Write Out Runtime Data.
[[0;32m  OK  [0m] Started Create Volatile Files and Directories.
         Starting Update UTMP about System Boot/Shutdown...
[[0;32m  OK  [0m] Started Update UTMP about System Boot/Shutdown.
[[0;32m  OK  [0m] Started ebtables ruleset management.
[[0;32m  OK  [0m] Started AppArmor initialization.
         Starting Load AppArmor profiles managed internally by snapd...
         Starting Initial cloud-init job (pre-networking)...
[[0;32m  OK  [0m] Started Load AppArmor profiles managed internally by snapd.
[[0;32m  OK  [0m] Started Set console font and keymap.
[   17.945550] cloud-init[782]: Cloud-init v. 23.1.2-0ubuntu0~18.04.1 running 'init-local' at Mon, 17 Jul 2023 12:00:36 +0000. Up 17.42 seconds.
[[0;32m  OK  [0m] Started Initial cloud-init job (pre-networking).
[[0;32m  OK  [0m] Reached target Network (Pre).
         Starting Network Service...
[[0;32m  OK  [0m] Started Network Service.
         Starting Wait for Network to be Configured...
         Starting Network Name Resolution...
[[0;32m  OK  [0m] Started Network Name Resolution.
[[0;32m  OK  [0m] Reached target Network.
[[0;32m  OK  [0m] Reached target Host and Network Name Lookups.
[[0;32m  OK  [0m] Started Wait for Network to be Configured.
         Starting Initial cloud-init job (metadata service crawler)...
[   21.032720] cloud-init[878]: Cloud-init v. 23.1.2-0ubuntu0~18.04.1 running 'init' at Mon, 17 Jul 2023 12:00:39 +0000. Up 20.72 seconds.
[   21.048078] cloud-init[878]: ci-info: ++++++++++++++++++++++++++++++++++++++Net device info+++++++++++++++++++++++++++++++++++++++
[   21.066899] cloud-init[878]: ci-info: +--------+-------+----------------------------+---------------+--------+-------------------+
[   21.079346] cloud-init[878]: ci-info: | Device |   Up  |          Address           |      Mask     | Scope  |     Hw-Address    |
[   21.092355] cloud-init[878]: ci-info: +--------+-------+----------------------------+---------------+--------+-------------------+
[   21.110433] cloud-init[878]: ci-info: | enp0s3 |  True |         10.0.2.15          | 255.255.255.0 | global | 02:ce:cf:1b:c9:4b |
[   21.119291] cloud-init[878]: ci-info: | enp0s3 |  True | fe80::ce:cfff:fe1b:c94b/64 |       .       |  link  | 02:ce:cf:1b:c9:4b |
[   21.141290] cloud-init[878]: ci-info: | enp0s8 | False |             .              |       .       |   .    | 08:00:27:2e:09:8b |
[   21.148101] cloud-init[878]: ci-info: |   lo   |  True |         127.0.0.1          |   255.0.0.0   |  host  |         .         |
[   21.165500] cloud-init[878]: ci-info: |   lo   |  True |          ::1/128           |       .       |  host  |         .         |
[   21.176807] cloud-init[878]: ci-info: +--------+-------+----------------------------+---------------+--------+-------------------+
[   21.190204] cloud-init[878]: ci-info: ++++++++++++++++++++++++++++Route IPv4 info+++++++++++++++++++++++++++++
[   21.210559] cloud-init[878]: ci-info: +-------+-------------+----------+-----------------+-----------+-------+
[   21.220728] cloud-init[878]: ci-info: | Route | Destination | Gateway  |     Genmask     | Interface | Flags |
[   21.230773] cloud-init[878]: ci-info: +-------+-------------+----------+-----------------+-----------+-------+
[   21.242119] cloud-init[878]: ci-info: |   0   |   0.0.0.0   | 10.0.2.2 |     0.0.0.0     |   enp0s3  |   UG  |
[   21.258879] cloud-init[878]: ci-info: |   1   |   10.0.2.0  | 0.0.0.0  |  255.255.255.0  |   enp0s3  |   U   |
[   21.271248] cloud-init[878]: ci-info: |   2   |   10.0.2.2  | 0.0.0.0  | 255.255.255.255 |   enp0s3  |   UH  |
[   21.280226] cloud-init[878]: ci-info: +-------+-------------+----------+-----------------+-----------+-------+
[   21.290075] cloud-init[878]: ci-info: +++++++++++++++++++Route IPv6 info+++++++++++++++++++
[   21.305641] cloud-init[878]: ci-info: +-------+-------------+---------+-----------+-------+
[   21.318020] cloud-init[878]: ci-info: | Route | Destination | Gateway | Interface | Flags |
[   21.330577] cloud-init[878]: ci-info: +-------+-------------+---------+-----------+-------+
[   21.348104] cloud-init[878]: ci-info: |   1   |  fe80::/64  |    ::   |   enp0s3  |   U   |
[   21.425332] cloud-init[878]: ci-info: |   3   |    local    |    ::   |   enp0s3  |   U   |
[   21.431988] cloud-init[878]: ci-info: |   4   |   ff00::/8  |    ::   |   enp0s3  |   U   |
[   21.481049] cloud-init[878]: ci-info: +-------+-------------+---------+-----------+-------+
[   22.425595] cloud-init[878]: Generating public/private rsa key pair.
[   22.440591] cloud-init[878]: Your identification has been saved in /etc/ssh/ssh_host_rsa_key.
[   22.446583] cloud-init[878]: Your public key has been saved in /etc/ssh/ssh_host_rsa_key.pub.
[   22.460327] cloud-init[878]: The key fingerprint is:
[   22.469566] cloud-init[878]: SHA256:76Njotf11YfNJ3sUi5r+b5zhHNKKw42EP0Mh4dh/XIk root@ubuntu-bionic
[   22.480331] cloud-init[878]: The key's randomart image is:
[   22.490402] cloud-init[878]: +---[RSA 2048]----+
[   22.500517] cloud-init[878]: |                 |
[   22.509686] cloud-init[878]: |         .       |
[   22.519967] cloud-init[878]: |        + .   . .|
[   22.530078] cloud-init[878]: |       . + . E + |
[   22.540346] cloud-init[878]: |        S + o +=o|
[   22.559989] cloud-init[878]: |         o.+ =+=B|
[   22.564948] cloud-init[878]: |       . .*.B.*+*|
[   22.579759] cloud-init[878]: |      o +..@.o.*.|
[   22.584022] cloud-init[878]: |    .o o.ooo=.oo |
[   22.588112] cloud-init[878]: +----[SHA256]-----+
[   22.602443] cloud-init[878]: Generating public/private dsa key pair.
[   22.607248] cloud-init[878]: Your identification has been saved in /etc/ssh/ssh_host_dsa_key.[[0;32m  OK  [0m] Started Initial cloud-init job (metadata service crawler).
[   22.621698] cloud-init[878]: Your public key has been saved in /etc/ssh/ssh_host_dsa_key.pub.
[   22.626929] cloud-init[878]: The key fingerprint is:
[[0;32m  OK  [0m] Reached target Network is Online.

[   22.637856] cloud-init[878]: SHA256:M7uEfNNFChjKC1xVAcdwGB4Rfodzi41q5FlplvZrdm4 root@ubuntu-bionic[[0;32m  OK  [0m] Reached target Remote File Systems (Pre).
[[0;32m  OK  [0m] Reached target Remote File Systems.

[   22.660272] cloud-init[878]: The key's randomart image is:
         Starting Availability of block devices...
[[0;32m  OK  [0m] Reached target System Initialization.
[   22.681190] cloud-init[878]: +---[DSA 1024]----+
[[0;32m  OK  [0m] Listening on D-Bus System Message Bus Socket.
[[0;32m  OK  [0m] Started Discard unused blocks once a week.
[   22.700180]          Starting LXD - unix socket.
[[0;32m  OK  [0m] Started Daily Cleanup of Temporary Directories.cloud-init[878]: |    ..XX=.       |
[   22.716031] cloud-init[878]: | . o +.*..       |

[[0;32m  OK  [0m] Started Daily apt download activities.
         Starting Socket activation for snappy daemon.
[[0;32m  OK  [0m] Started Daily apt upgrade and clean activities.
[[0;32m  OK  [0m] Started Ubuntu Advantage Timer for running repeated jobs.[   22.754767] cloud-init[878]: |  o o + = o .    |
[   22.765473] cloud-init[878]: |   . . . @ +     |
[[0;32m  OK  [0m] Listening on ACPID Listen Socket.
[[0;32m  OK  [0m] Started ACPI Events Check.
[[0;32m  OK  [0m] Reached target Paths.

[   22.795736] cloud-init[878]: |    . . S + .    |[[0;32m  OK  [0m] Listening on Open-iSCSI iscsid Socket.
[[0;32m  OK  [0m] Listening on cloud-init hotplug hook socket.
[   22.815823] cloud-init[878]: |     + O * .     |

[[0;32m  OK  [0m] Listening on UUID daemon activation socket.[   22.832368] cloud-init[878]: |      B = o      |
[   22.836933] cloud-init[878]: |     . o oo.E    |
[[0;32m  OK  [0m] Started Message of the Day.
[[0;32m  OK  [0m] Reached target Timers.
[[0;32m  OK  [0m] Reached target Cloud-config availability.

[   22.861163] cloud-init[878]: |        .o.+.    |
[   22.865543] cloud-init[878]: +----[SHA256]-----+
[[0;32m  OK  [0m] Started Availability of block devices.
[[0;32m  OK  [0m] Listening on LXD - unix socket.
[[   22.880188] cloud-init[878]: Generating public/private ecdsa key pair.
[   22.885011] cloud-init[878]: Your identification has been saved in /etc/ssh/ssh_host_ecdsa_key.[0;32m  OK  [0m] Listening on Socket activation for snappy daemon.
[[0;32m  OK  [0m] Reached target Sockets.
[
[   22.905079] cloud-init[878]: Your public key has been saved in /etc/ssh/ssh_host_ecdsa_key.pub.[0;32m  OK  [0m] Reached target Basic System.
[[0;32m  OK  [0m] Started Deferred execution scheduler.
[[0;32m  OK  [0m
] Started Regular background program processing daemon.
[   22.942723] cloud-init[878]: The key fingerprint is:
         Starting LSB: automatic crash report generation...
         Starting Virtualbox guest utils...
         Starting LXD - container startup/shutdown...
[   22.980049] cloud-init[878]: SHA256:bVUwKkW+8C5KvkJDJ0Aa9hBDl2ovjUR/h/67NIB0jho root@ubuntu-bionic
         Starting System Logging Service...
         Starting LSB: Record successful boot for GRUB...
         Starting Login Service...
[   23.063939] cloud-init[878]: The key's randomart image is:
[   23.089641] cloud-init[878]: +---[ECDSA 256]---+
[   23.112607] cloud-init[878]: |oBo..    .o o..  |
[   23.135619] cloud-init[878]: |.+*.     o . o   |
[   23.161635] cloud-init[878]: |o o+ .. o o .    |
         Starting Dispatcher daemon for systemd-networkd...
[[0;32m  OK  [0m] Started D-Bus System Message Bus.
[   23.209376] cloud-init[878]: | +..Bo.. = o     |
[   23.242220] cloud-init[878]: |oE++o=. S =      |
[   23.257473] cloud-init[878]: | oooo..  o       |
[   23.288634] cloud-init[878]: | ... .oo. .      |
[   23.296980] cloud-init[878]: |    .o.o..       |
[   23.316854]          Starting Permit User Sessions...
cloud-init[878]: |     .++o        |
[   23.352069] cloud-init[878]: +----[SHA256]-----+
[   23.373168] cloud-init[878]: Generating public/private ed25519 key pair.         Starting Snap Daemon...
         Starting Accounts Service...

[   23.416931] [[0;32m  OK  [0m] Started FUSE filesystem for LXC.
[[0;32m  OK  [0m] Reached target Login Prompts (Pre).cloud-init[878]: Your identification has been saved in /etc/ssh/ssh_host_ed25519_key.

[   23.466095] cloud-init[878]: Your public key has been saved in /etc/ssh/ssh_host_ed25519_key.pub.
[   23.491896] cloud-init[878]: The key fingerprint is:
[   23.513994] cloud-init[878]: SHA256:OElCSLKI/pPigkMAFCCjx8PVgLFw+bNf5QBfg9wns/4 root@ubuntu-bionic
[   23.534960] cloud-init[878]: The key's randomart image is:
[   23.553342] cloud-init[878]: +--[ED25519 256]--+
[   23.561040] cloud-init[878]: |O+==+o . o       |
[   23.579495] cloud-init[878]: |*O++  o o * .    |
[[0;32m  OK  [0m] Started irqbalance daemon.
[   23.618428] cloud-init[878]: |* *.. .o . *     |
[   23.639148] cloud-init[878]: |o. .oo oo o      |
[   23.648582] cloud-init[878]: |..   o+ S=       |
[   23.676670] cloud-init[878]: | .. o  .. o      |
[   23.706564] cloud-init[878]: |o. + . .   .     |
[   23.729564]          Starting Pollinate to seed the pseudo random number generator...
[[0;32m  OK  [0m] Started System Logging Service.
cloud-init[878]: |= . . .     E    |[[0;32m  OK  [0m] Started Permit User Sessions.

[[0;32m  OK  [0m] Started LXD - container startup/shutdown.
[[0;32m  OK  [0m] Started Login Service.
         Starting Authorization Manager...
[[0;32m  OK  [0m] Started Unattended Upgrades Shutdown.
         Starting Terminate Plymouth Boot Screen...
[   23.860652] cloud-init[878]: |.o               |
         Starting Hold until boot process finishes up...
[[0;32m  OK  [0m] Started Hold until boot process finishes up.
         Starting Set console scheme...
[[0;32m  OK  [0m] Started Serial Getty on ttyS0.
[[0;32m  OK  [0m] Started Terminate Plymouth Boot Screen.
[   23.976902] cloud-init[878]: [+----[SHA256]-----+[0;32m  OK  [0m] Started Set console scheme.
[[0;32m  OK  [0m] Created slice system-getty.slice.
[[0;32m  OK  [0m] Started Getty on tty1.

[[0;32m  OK  [0m] Reached target Login Prompts.
[[0;32m  OK  [0m] Started LSB: automatic crash report generation.
[[0;32m  OK  [0m] Started LSB: Record successful boot for GRUB.
[[0;32m  OK  [0m] Started Authorization Manager.
[[0;32m  OK  [0m] Started Accounts Service.
[[0;32m  OK  [0m] Started Virtualbox guest utils.
[[0;32m  OK  [0m] Started Dispatcher daemon for systemd-networkd.
[[0;32m  OK  [0m] Started Snap Daemon.
         Starting Wait until snapd is fully seeded...
[[0;32m  OK  [0m] Started Pollinate to seed the pseudo random number generator.
         Starting OpenBSD Secure Shell server...
[[0;32m  OK  [0m] Started OpenBSD Secure Shell server.
[[0;32m  OK  [0m] Created slice User Slice of vagrant.
         Starting User Manager for UID 1000...
[[0;32m  OK  [0m] Started Session 1 of user vagrant.
[[0;32m  OK  [0m] Started User Manager for UID 1000.
         Starting Time & Date Service...
[[0;32m  OK  [0m] Started Time & Date Service.

Ubuntu 18.04.6 LTS ubuntu-bionic ttyS0

ubuntu-bionic login: [   33.751635] cloud-init[1357]: Cloud-init v. 23.1.2-0ubuntu0~18.04.1 running 'modules:config' at Mon, 17 Jul 2023 12:00:51 +0000. Up 32.38 seconds.
ci-info: no authorized SSH keys fingerprints found for user ubuntu.
<14>Jul 17 12:00:55 cloud-init: #############################################################
<14>Jul 17 12:00:55 cloud-init: -----BEGIN SSH HOST KEY FINGERPRINTS-----
<14>Jul 17 12:00:55 cloud-init: 1024 SHA256:M7uEfNNFChjKC1xVAcdwGB4Rfodzi41q5FlplvZrdm4 root@ubuntu-bionic (DSA)
<14>Jul 17 12:00:55 cloud-init: 256 SHA256:bVUwKkW+8C5KvkJDJ0Aa9hBDl2ovjUR/h/67NIB0jho root@ubuntu-bionic (ECDSA)
<14>Jul 17 12:00:55 cloud-init: 256 SHA256:OElCSLKI/pPigkMAFCCjx8PVgLFw+bNf5QBfg9wns/4 root@ubuntu-bionic (ED25519)
<14>Jul 17 12:00:55 cloud-init: 2048 SHA256:76Njotf11YfNJ3sUi5r+b5zhHNKKw42EP0Mh4dh/XIk root@ubuntu-bionic (RSA)
<14>Jul 17 12:00:55 cloud-init: -----END SSH HOST KEY FINGERPRINTS-----
<14>Jul 17 12:00:55 cloud-init: #############################################################
-----BEGIN SSH HOST KEY KEYS-----
ecdsa-sha2-nistp256 AAAAE2VjZHNhLXNoYTItbmlzdHAyNTYAAAAIbmlzdHAyNTYAAABBBOXb07cmfLoTNmHQjUN6Il4qXS9Iro+8JgmkYDnFUv0IT2FLzalucBSMEU7ACX6MLAvNJUg9uP0AGkMEgyPY/HE= root@ubuntu-bionic
ssh-ed25519 AAAAC3NzaC1lZDI1NTE5AAAAIOi1yb7auXcRZqQzkN+hRSDNs2mQ4HFycftedGhQPYT0 root@ubuntu-bionic
ssh-rsa AAAAB3NzaC1yc2EAAAADAQABAAABAQDKDD07g5Ie/bfxVzK7GMuaYA63XAceyVtNYzy/h3U1fN5i4tImfyZz1Cytaj5GTWZk8OIW6KXTgQSLAHZK5R2BEMq+XTafhFgtPeBLnZVD9riwKNxRtSriNzJ927/bNNJhWLgHoIQB9+inqF2psaLPs4p8dosagrp1sLhka5Xm3Fjj13bnvhmUMjn5Lldq8iqDWZwrZQn/XXs/9nPPY1DxMJt28RZGv0dYjNla/W4Ssujw02JcO0ZQi4ltqfQESwPmx1hrj0vxMxbUR3YE7WCgOHPxSvSEB/oOqBOCNEiA8GQAngBUrxlb+KfBQoYTyRLqx2jacGyzuapBl5tNjtK5 root@ubuntu-bionic
-----END SSH HOST KEY KEYS-----
[   36.251746] cloud-init[1528]: Cloud-init v. 23.1.2-0ubuntu0~18.04.1 running 'modules:final' at Mon, 17 Jul 2023 12:00:54 +0000. Up 35.41 seconds.
[   36.287663] cloud-init[1528]: Cloud-init v. 23.1.2-0ubuntu0~18.04.1 finished at Mon, 17 Jul 2023 12:00:55 +0000. Datasource DataSourceNoCloud [seed=/dev/sdb][dsmode=net].  Up 36.21 seconds
